// Jest Snapshot v1, https://goo.gl/fbAQLP

exports[`Feeds Queries has all needed queries 1`] = `
Array [
  "userFeed(
    filters: [String]!
    limit: Int = 20,
    skip: Int = 0,
    status: String = \\"open\\",
    cache: Boolean = true
  ): [Node]",
]
`;
